Archive member included because of file (symbol)

c:/program files (x86)/atmel/atmel toolchain/avr8 gcc/native/3.4.1061/avr8-gnu-toolchain/bin/../lib/gcc/avr/4.8.1/avr5\libgcc.a(_exit.o)
                              c:/program files (x86)/atmel/atmel toolchain/avr8 gcc/native/3.4.1061/avr8-gnu-toolchain/bin/../lib/gcc/avr/4.8.1/../../../../avr/lib/avr5/crtm328p.o (exit)
c:/program files (x86)/atmel/atmel toolchain/avr8 gcc/native/3.4.1061/avr8-gnu-toolchain/bin/../lib/gcc/avr/4.8.1/avr5\libgcc.a(_copy_data.o)
                              P0005_v2_drivetrain_rev1.o (__do_copy_data)
c:/program files (x86)/atmel/atmel toolchain/avr8 gcc/native/3.4.1061/avr8-gnu-toolchain/bin/../lib/gcc/avr/4.8.1/avr5\libgcc.a(_clear_bss.o)
                              Analog.o (__do_clear_bss)

Discarded input sections

 .data          0x00000000        0x0 c:/program files (x86)/atmel/atmel toolchain/avr8 gcc/native/3.4.1061/avr8-gnu-toolchain/bin/../lib/gcc/avr/4.8.1/../../../../avr/lib/avr5/crtm328p.o
 .bss           0x00000000        0x0 c:/program files (x86)/atmel/atmel toolchain/avr8 gcc/native/3.4.1061/avr8-gnu-toolchain/bin/../lib/gcc/avr/4.8.1/../../../../avr/lib/avr5/crtm328p.o
 .text          0x00000000        0x0 Analog.o
 .data          0x00000000        0x0 Analog.o
 .bss           0x00000000        0x0 Analog.o
 .text._ZN6Analog15startConversionEv
                0x00000000        0xc Analog.o
 .text._ZN6Analog14stopConversionEv
                0x00000000        0xc Analog.o
 .text._ZN6Analog18conversionCompleteEv
                0x00000000        0xc Analog.o
 .text._ZN6Analog8getValueEv
                0x00000000        0xe Analog.o
 .bss._ZN6Analog11lastChannelE
                0x00000000        0x1 Analog.o
 .text          0x00000000        0x0 modular8.o
 .data          0x00000000        0x0 modular8.o
 .bss           0x00000000        0x0 modular8.o
 .text._Z24modular8_get_digital_busv
                0x00000000        0xc modular8.o
 .text          0x00000000        0x0 S3P.o
 .data          0x00000000        0x0 S3P.o
 .bss           0x00000000        0x0 S3P.o
 .text._ZN3S3P10setbuffersEPVvhS1_h
                0x00000000       0x1a S3P.o
 .text._ZN3S3P12setDelimiterEPKvh
                0x00000000        0xe S3P.o
 .bss._S3P_memorySize
                0x00000000        0x1 S3P.o
 .bss._S3P_memoryLocation
                0x00000000        0x2 S3P.o
 .bss._S3P_outputIndex
                0x00000000        0x1 S3P.o
 .text          0x00000000        0x0 P0005_v2_drivetrain_rev1.o
 .data          0x00000000        0x0 P0005_v2_drivetrain_rev1.o
 .bss           0x00000000        0x0 P0005_v2_drivetrain_rev1.o
 .bss.desired_vel
                0x00000000        0x1 P0005_v2_drivetrain_rev1.o
 .text          0x00000000        0x0 c:/program files (x86)/atmel/atmel toolchain/avr8 gcc/native/3.4.1061/avr8-gnu-toolchain/bin/../lib/gcc/avr/4.8.1/avr5\libgcc.a(_exit.o)
 .data          0x00000000        0x0 c:/program files (x86)/atmel/atmel toolchain/avr8 gcc/native/3.4.1061/avr8-gnu-toolchain/bin/../lib/gcc/avr/4.8.1/avr5\libgcc.a(_exit.o)
 .bss           0x00000000        0x0 c:/program files (x86)/atmel/atmel toolchain/avr8 gcc/native/3.4.1061/avr8-gnu-toolchain/bin/../lib/gcc/avr/4.8.1/avr5\libgcc.a(_exit.o)
 .text.libgcc.mul
                0x00000000        0x0 c:/program files (x86)/atmel/atmel toolchain/avr8 gcc/native/3.4.1061/avr8-gnu-toolchain/bin/../lib/gcc/avr/4.8.1/avr5\libgcc.a(_exit.o)
 .text.libgcc.div
                0x00000000        0x0 c:/program files (x86)/atmel/atmel toolchain/avr8 gcc/native/3.4.1061/avr8-gnu-toolchain/bin/../lib/gcc/avr/4.8.1/avr5\libgcc.a(_exit.o)
 .text.libgcc   0x00000000        0x0 c:/program files (x86)/atmel/atmel toolchain/avr8 gcc/native/3.4.1061/avr8-gnu-toolchain/bin/../lib/gcc/avr/4.8.1/avr5\libgcc.a(_exit.o)
 .text.libgcc.prologue
                0x00000000        0x0 c:/program files (x86)/atmel/atmel toolchain/avr8 gcc/native/3.4.1061/avr8-gnu-toolchain/bin/../lib/gcc/avr/4.8.1/avr5\libgcc.a(_exit.o)
 .text.libgcc.builtins
                0x00000000        0x0 c:/program files (x86)/atmel/atmel toolchain/avr8 gcc/native/3.4.1061/avr8-gnu-toolchain/bin/../lib/gcc/avr/4.8.1/avr5\libgcc.a(_exit.o)
 .text.libgcc.fmul
                0x00000000        0x0 c:/program files (x86)/atmel/atmel toolchain/avr8 gcc/native/3.4.1061/avr8-gnu-toolchain/bin/../lib/gcc/avr/4.8.1/avr5\libgcc.a(_exit.o)
 .text.libgcc.fixed
                0x00000000        0x0 c:/program files (x86)/atmel/atmel toolchain/avr8 gcc/native/3.4.1061/avr8-gnu-toolchain/bin/../lib/gcc/avr/4.8.1/avr5\libgcc.a(_exit.o)
 .text          0x00000000        0x0 c:/program files (x86)/atmel/atmel toolchain/avr8 gcc/native/3.4.1061/avr8-gnu-toolchain/bin/../lib/gcc/avr/4.8.1/avr5\libgcc.a(_copy_data.o)
 .data          0x00000000        0x0 c:/program files (x86)/atmel/atmel toolchain/avr8 gcc/native/3.4.1061/avr8-gnu-toolchain/bin/../lib/gcc/avr/4.8.1/avr5\libgcc.a(_copy_data.o)
 .bss           0x00000000        0x0 c:/program files (x86)/atmel/atmel toolchain/avr8 gcc/native/3.4.1061/avr8-gnu-toolchain/bin/../lib/gcc/avr/4.8.1/avr5\libgcc.a(_copy_data.o)
 .text.libgcc.mul
                0x00000000        0x0 c:/program files (x86)/atmel/atmel toolchain/avr8 gcc/native/3.4.1061/avr8-gnu-toolchain/bin/../lib/gcc/avr/4.8.1/avr5\libgcc.a(_copy_data.o)
 .text.libgcc.div
                0x00000000        0x0 c:/program files (x86)/atmel/atmel toolchain/avr8 gcc/native/3.4.1061/avr8-gnu-toolchain/bin/../lib/gcc/avr/4.8.1/avr5\libgcc.a(_copy_data.o)
 .text.libgcc   0x00000000        0x0 c:/program files (x86)/atmel/atmel toolchain/avr8 gcc/native/3.4.1061/avr8-gnu-toolchain/bin/../lib/gcc/avr/4.8.1/avr5\libgcc.a(_copy_data.o)
 .text.libgcc.prologue
                0x00000000        0x0 c:/program files (x86)/atmel/atmel toolchain/avr8 gcc/native/3.4.1061/avr8-gnu-toolchain/bin/../lib/gcc/avr/4.8.1/avr5\libgcc.a(_copy_data.o)
 .text.libgcc.builtins
                0x00000000        0x0 c:/program files (x86)/atmel/atmel toolchain/avr8 gcc/native/3.4.1061/avr8-gnu-toolchain/bin/../lib/gcc/avr/4.8.1/avr5\libgcc.a(_copy_data.o)
 .text.libgcc.fmul
                0x00000000        0x0 c:/program files (x86)/atmel/atmel toolchain/avr8 gcc/native/3.4.1061/avr8-gnu-toolchain/bin/../lib/gcc/avr/4.8.1/avr5\libgcc.a(_copy_data.o)
 .text.libgcc.fixed
                0x00000000        0x0 c:/program files (x86)/atmel/atmel toolchain/avr8 gcc/native/3.4.1061/avr8-gnu-toolchain/bin/../lib/gcc/avr/4.8.1/avr5\libgcc.a(_copy_data.o)
 .text          0x00000000        0x0 c:/program files (x86)/atmel/atmel toolchain/avr8 gcc/native/3.4.1061/avr8-gnu-toolchain/bin/../lib/gcc/avr/4.8.1/avr5\libgcc.a(_clear_bss.o)
 .data          0x00000000        0x0 c:/program files (x86)/atmel/atmel toolchain/avr8 gcc/native/3.4.1061/avr8-gnu-toolchain/bin/../lib/gcc/avr/4.8.1/avr5\libgcc.a(_clear_bss.o)
 .bss           0x00000000        0x0 c:/program files (x86)/atmel/atmel toolchain/avr8 gcc/native/3.4.1061/avr8-gnu-toolchain/bin/../lib/gcc/avr/4.8.1/avr5\libgcc.a(_clear_bss.o)
 .text.libgcc.mul
                0x00000000        0x0 c:/program files (x86)/atmel/atmel toolchain/avr8 gcc/native/3.4.1061/avr8-gnu-toolchain/bin/../lib/gcc/avr/4.8.1/avr5\libgcc.a(_clear_bss.o)
 .text.libgcc.div
                0x00000000        0x0 c:/program files (x86)/atmel/atmel toolchain/avr8 gcc/native/3.4.1061/avr8-gnu-toolchain/bin/../lib/gcc/avr/4.8.1/avr5\libgcc.a(_clear_bss.o)
 .text.libgcc   0x00000000        0x0 c:/program files (x86)/atmel/atmel toolchain/avr8 gcc/native/3.4.1061/avr8-gnu-toolchain/bin/../lib/gcc/avr/4.8.1/avr5\libgcc.a(_clear_bss.o)
 .text.libgcc.prologue
                0x00000000        0x0 c:/program files (x86)/atmel/atmel toolchain/avr8 gcc/native/3.4.1061/avr8-gnu-toolchain/bin/../lib/gcc/avr/4.8.1/avr5\libgcc.a(_clear_bss.o)
 .text.libgcc.builtins
                0x00000000        0x0 c:/program files (x86)/atmel/atmel toolchain/avr8 gcc/native/3.4.1061/avr8-gnu-toolchain/bin/../lib/gcc/avr/4.8.1/avr5\libgcc.a(_clear_bss.o)
 .text.libgcc.fmul
                0x00000000        0x0 c:/program files (x86)/atmel/atmel toolchain/avr8 gcc/native/3.4.1061/avr8-gnu-toolchain/bin/../lib/gcc/avr/4.8.1/avr5\libgcc.a(_clear_bss.o)
 .text.libgcc.fixed
                0x00000000        0x0 c:/program files (x86)/atmel/atmel toolchain/avr8 gcc/native/3.4.1061/avr8-gnu-toolchain/bin/../lib/gcc/avr/4.8.1/avr5\libgcc.a(_clear_bss.o)

Memory Configuration

Name             Origin             Length             Attributes
text             0x00000000         0x00020000         xr
data             0x00800060         0x0000ffa0         rw !x
eeprom           0x00810000         0x00010000         rw !x
fuse             0x00820000         0x00000400         rw !x
lock             0x00830000         0x00000400         rw !x
signature        0x00840000         0x00000400         rw !x
user_signatures  0x00850000         0x00000400         rw !x
*default*        0x00000000         0xffffffff

Linker script and memory map

Address of section .data set to 0x800100
LOAD c:/program files (x86)/atmel/atmel toolchain/avr8 gcc/native/3.4.1061/avr8-gnu-toolchain/bin/../lib/gcc/avr/4.8.1/../../../../avr/lib/avr5/crtm328p.o
LOAD Analog.o
LOAD modular8.o
LOAD S3P.o
LOAD P0005_v2_drivetrain_rev1.o
START GROUP
LOAD c:/program files (x86)/atmel/atmel toolchain/avr8 gcc/native/3.4.1061/avr8-gnu-toolchain/bin/../lib/gcc/avr/4.8.1/../../../../avr/lib/avr5\libm.a
END GROUP
LOAD c:/program files (x86)/atmel/atmel toolchain/avr8 gcc/native/3.4.1061/avr8-gnu-toolchain/bin/../lib/gcc/avr/4.8.1/avr5\libgcc.a
LOAD c:/program files (x86)/atmel/atmel toolchain/avr8 gcc/native/3.4.1061/avr8-gnu-toolchain/bin/../lib/gcc/avr/4.8.1/../../../../avr/lib/avr5\libm.a
START GROUP
LOAD c:/program files (x86)/atmel/atmel toolchain/avr8 gcc/native/3.4.1061/avr8-gnu-toolchain/bin/../lib/gcc/avr/4.8.1/avr5\libgcc.a
LOAD c:/program files (x86)/atmel/atmel toolchain/avr8 gcc/native/3.4.1061/avr8-gnu-toolchain/bin/../lib/gcc/avr/4.8.1/../../../../avr/lib/avr5\libm.a
LOAD c:/program files (x86)/atmel/atmel toolchain/avr8 gcc/native/3.4.1061/avr8-gnu-toolchain/bin/../lib/gcc/avr/4.8.1/../../../../avr/lib/avr5\libc.a
END GROUP

.hash
 *(.hash)

.dynsym
 *(.dynsym)

.dynstr
 *(.dynstr)

.gnu.version
 *(.gnu.version)

.gnu.version_d
 *(.gnu.version_d)

.gnu.version_r
 *(.gnu.version_r)

.rel.init
 *(.rel.init)

.rela.init
 *(.rela.init)

.rel.text
 *(.rel.text)
 *(.rel.text.*)
 *(.rel.gnu.linkonce.t*)

.rela.text
 *(.rela.text)
 *(.rela.text.*)
 *(.rela.gnu.linkonce.t*)

.rel.fini
 *(.rel.fini)

.rela.fini
 *(.rela.fini)

.rel.rodata
 *(.rel.rodata)
 *(.rel.rodata.*)
 *(.rel.gnu.linkonce.r*)

.rela.rodata
 *(.rela.rodata)
 *(.rela.rodata.*)
 *(.rela.gnu.linkonce.r*)

.rel.data
 *(.rel.data)
 *(.rel.data.*)
 *(.rel.gnu.linkonce.d*)

.rela.data
 *(.rela.data)
 *(.rela.data.*)
 *(.rela.gnu.linkonce.d*)

.rel.ctors
 *(.rel.ctors)

.rela.ctors
 *(.rela.ctors)

.rel.dtors
 *(.rel.dtors)

.rela.dtors
 *(.rela.dtors)

.rel.got
 *(.rel.got)

.rela.got
 *(.rela.got)

.rel.bss
 *(.rel.bss)

.rela.bss
 *(.rela.bss)

.rel.plt
 *(.rel.plt)

.rela.plt
 *(.rela.plt)

.text           0x00000000      0x476
 *(.vectors)
 .vectors       0x00000000       0x68 c:/program files (x86)/atmel/atmel toolchain/avr8 gcc/native/3.4.1061/avr8-gnu-toolchain/bin/../lib/gcc/avr/4.8.1/../../../../avr/lib/avr5/crtm328p.o
                0x00000000                __vector_default
                0x00000000                __vectors
 *(.vectors)
 *(.progmem.gcc*)
                0x00000068                . = ALIGN (0x2)
                0x00000068                __trampolines_start = .
 *(.trampolines)
 .trampolines   0x00000068        0x0 linker stubs
 *(.trampolines*)
                0x00000068                __trampolines_end = .
 *(.progmem*)
                0x00000068                . = ALIGN (0x2)
 *(.jumptables)
 *(.jumptables*)
 *(.lowtext)
 *(.lowtext*)
                0x00000068                __ctors_start = .
 *(.ctors)
                0x00000068                __ctors_end = .
                0x00000068                __dtors_start = .
 *(.dtors)
                0x00000068                __dtors_end = .
 SORT(*)(.ctors)
 SORT(*)(.dtors)
 *(.init0)
 .init0         0x00000068        0x0 c:/program files (x86)/atmel/atmel toolchain/avr8 gcc/native/3.4.1061/avr8-gnu-toolchain/bin/../lib/gcc/avr/4.8.1/../../../../avr/lib/avr5/crtm328p.o
                0x00000068                __init
 *(.init0)
 *(.init1)
 *(.init1)
 *(.init2)
 .init2         0x00000068        0xc c:/program files (x86)/atmel/atmel toolchain/avr8 gcc/native/3.4.1061/avr8-gnu-toolchain/bin/../lib/gcc/avr/4.8.1/../../../../avr/lib/avr5/crtm328p.o
 *(.init2)
 *(.init3)
 *(.init3)
 *(.init4)
 .init4         0x00000074       0x16 c:/program files (x86)/atmel/atmel toolchain/avr8 gcc/native/3.4.1061/avr8-gnu-toolchain/bin/../lib/gcc/avr/4.8.1/avr5\libgcc.a(_copy_data.o)
                0x00000074                __do_copy_data
 .init4         0x0000008a       0x10 c:/program files (x86)/atmel/atmel toolchain/avr8 gcc/native/3.4.1061/avr8-gnu-toolchain/bin/../lib/gcc/avr/4.8.1/avr5\libgcc.a(_clear_bss.o)
                0x0000008a                __do_clear_bss
 *(.init4)
 *(.init5)
 *(.init5)
 *(.init6)
 *(.init6)
 *(.init7)
 *(.init7)
 *(.init8)
 *(.init8)
 *(.init9)
 .init9         0x0000009a        0x8 c:/program files (x86)/atmel/atmel toolchain/avr8 gcc/native/3.4.1061/avr8-gnu-toolchain/bin/../lib/gcc/avr/4.8.1/../../../../avr/lib/avr5/crtm328p.o
 *(.init9)
 *(.text)
 .text          0x000000a2        0x4 c:/program files (x86)/atmel/atmel toolchain/avr8 gcc/native/3.4.1061/avr8-gnu-toolchain/bin/../lib/gcc/avr/4.8.1/../../../../avr/lib/avr5/crtm328p.o
                0x000000a2                __vector_22
                0x000000a2                __vector_1
                0x000000a2                __vector_24
                0x000000a2                __vector_12
                0x000000a2                __bad_interrupt
                0x000000a2                __vector_6
                0x000000a2                __vector_23
                0x000000a2                __vector_25
                0x000000a2                __vector_11
                0x000000a2                __vector_13
                0x000000a2                __vector_17
                0x000000a2                __vector_7
                0x000000a2                __vector_5
                0x000000a2                __vector_4
                0x000000a2                __vector_9
                0x000000a2                __vector_2
                0x000000a2                __vector_15
                0x000000a2                __vector_8
                0x000000a2                __vector_10
                0x000000a2                __vector_16
                0x000000a6                . = ALIGN (0x2)
 *(.text.*)
 .text.__vector_21
                0x000000a6       0x28 Analog.o
                0x000000a6                __vector_21
 .text._ZN6Analog13selectChannelEh
                0x000000ce       0x2c Analog.o
                0x000000ce                _ZN6Analog13selectChannelEh
 .text._Z24modular8_set_digital_bush
                0x000000fa       0x18 modular8.o
                0x000000fa                _Z24modular8_set_digital_bush
 .text._Z34modular8_set_digital_bus_directionh
                0x00000112       0x18 modular8.o
                0x00000112                _Z34modular8_set_digital_bus_directionh
 .text.__vector_20
                0x0000012a       0x32 S3P.o
                0x0000012a                __vector_20
 .text.__vector_19
                0x0000015c       0x66 S3P.o
                0x0000015c                __vector_19
 .text._ZN3S3P4initEPKvhPVvhS3_h
                0x000001c2       0x56 S3P.o
                0x000001c2                _ZN3S3P4initEPKvhPVvhS3_h
 .text._ZN3S3P8transmitEPVvh
                0x00000218       0x50 S3P.o
                0x00000218                _ZN3S3P8transmitEPVvh
 .text._ZN3S3P8transmitEv
                0x00000268       0x12 S3P.o
                0x00000268                _ZN3S3P8transmitEv
 .text.__vector_18
                0x0000027a       0xba S3P.o
                0x0000027a                __vector_18
 .text.__vector_14
                0x00000334       0x74 P0005_v2_drivetrain_rev1.o
                0x00000334                __vector_14
 .text.__vector_3
                0x000003a8       0x6c P0005_v2_drivetrain_rev1.o
                0x000003a8                __vector_3
 .text.main     0x00000414       0x5e P0005_v2_drivetrain_rev1.o
                0x00000414                main
                0x00000472                . = ALIGN (0x2)
 *(.fini9)
 .fini9         0x00000472        0x0 c:/program files (x86)/atmel/atmel toolchain/avr8 gcc/native/3.4.1061/avr8-gnu-toolchain/bin/../lib/gcc/avr/4.8.1/avr5\libgcc.a(_exit.o)
                0x00000472                _exit
                0x00000472                exit
 *(.fini9)
 *(.fini8)
 *(.fini8)
 *(.fini7)
 *(.fini7)
 *(.fini6)
 *(.fini6)
 *(.fini5)
 *(.fini5)
 *(.fini4)
 *(.fini4)
 *(.fini3)
 *(.fini3)
 *(.fini2)
 *(.fini2)
 *(.fini1)
 *(.fini1)
 *(.fini0)
 .fini0         0x00000472        0x4 c:/program files (x86)/atmel/atmel toolchain/avr8 gcc/native/3.4.1061/avr8-gnu-toolchain/bin/../lib/gcc/avr/4.8.1/avr5\libgcc.a(_exit.o)
 *(.fini0)
                0x00000476                _etext = .

.data           0x00800100       0x16 load address 0x00000476
                0x00800100                PROVIDE (__data_start, .)
 *(.data)
 *(.data*)
 *(.rodata)
 *(.rodata*)
 .rodata._ZL14encoder_matrix
                0x00800100       0x10 P0005_v2_drivetrain_rev1.o
 .rodata._ZL10_delimiter
                0x00800110        0x6 P0005_v2_drivetrain_rev1.o
 *(.gnu.linkonce.d*)
                0x00800116                . = ALIGN (0x2)
                0x00800116                _edata = .
                0x00800116                PROVIDE (__data_end, .)

.bss            0x00800116       0x2a
                0x00800116                PROVIDE (__bss_start, .)
 *(.bss)
 *(.bss*)
 .bss._ZN6Analog9analogLowE
                0x00800116        0x1 Analog.o
                0x00800116                _ZN6Analog9analogLowE
 .bss._ZN6Analog10analogHighE
                0x00800117        0x1 Analog.o
                0x00800117                _ZN6Analog10analogHighE
 .bss._S3P_charsToSend
                0x00800118        0x1 S3P.o
                0x00800118                _S3P_charsToSend
 .bss._S3P_charsLeft
                0x00800119        0x1 S3P.o
                0x00800119                _S3P_charsLeft
 .bss._S3P_transmitting
                0x0080011a        0x2 S3P.o
                0x0080011a                _S3P_transmitting
 .bss._S3P_memoryIndex
                0x0080011c        0x1 S3P.o
                0x0080011c                _S3P_memoryIndex
 .bss._S3P_outputSize
                0x0080011d        0x1 S3P.o
                0x0080011d                _S3P_outputSize
 .bss._S3P_output
                0x0080011e        0x2 S3P.o
                0x0080011e                _S3P_output
 .bss._S3P_inputSize
                0x00800120        0x1 S3P.o
                0x00800120                _S3P_inputSize
 .bss._S3P_inputIndex
                0x00800121        0x1 S3P.o
                0x00800121                _S3P_inputIndex
 .bss._S3P_input
                0x00800122        0x2 S3P.o
                0x00800122                _S3P_input
 .bss._S3P_delimiterSize
                0x00800124        0x1 S3P.o
                0x00800124                _S3P_delimiterSize
 .bss._S3P_delimiter
                0x00800125        0x2 S3P.o
                0x00800125                _S3P_delimiter
 .bss.PWM_signal
                0x00800127        0x1 P0005_v2_drivetrain_rev1.o
                0x00800127                PWM_signal
 .bss.PWM_count
                0x00800128        0x1 P0005_v2_drivetrain_rev1.o
                0x00800128                PWM_count
 .bss.counted   0x00800129        0x1 P0005_v2_drivetrain_rev1.o
                0x00800129                counted
 .bss.last_state
                0x0080012a        0x1 P0005_v2_drivetrain_rev1.o
                0x0080012a                last_state
 .bss.measured_vel
                0x0080012b        0x1 P0005_v2_drivetrain_rev1.o
                0x0080012b                measured_vel
 .bss.encoder_count
                0x0080012c        0x1 P0005_v2_drivetrain_rev1.o
                0x0080012c                encoder_count
 .bss.dataOut   0x0080012d       0x10 P0005_v2_drivetrain_rev1.o
                0x0080012d                dataOut
 .bss.dataIn    0x0080013d        0x3 P0005_v2_drivetrain_rev1.o
                0x0080013d                dataIn
 *(COMMON)
                0x00800140                PROVIDE (__bss_end, .)
                0x00000476                __data_load_start = LOADADDR (.data)
                0x0000048c                __data_load_end = (__data_load_start + SIZEOF (.data))

.noinit         0x00800140        0x0
                0x00800140                PROVIDE (__noinit_start, .)
 *(.noinit*)
                0x00800140                PROVIDE (__noinit_end, .)
                0x00800140                _end = .
                0x00800140                PROVIDE (__heap_start, .)

.eeprom         0x00810000        0x0
 *(.eeprom*)
                0x00810000                __eeprom_end = .

.fuse
 *(.fuse)
 *(.lfuse)
 *(.hfuse)
 *(.efuse)

.lock
 *(.lock*)

.signature
 *(.signature*)

.user_signatures
 *(.user_signatures*)

.stab
 *(.stab)

.stabstr
 *(.stabstr)

.stab.excl
 *(.stab.excl)

.stab.exclstr
 *(.stab.exclstr)

.stab.index
 *(.stab.index)

.stab.indexstr
 *(.stab.indexstr)

.comment        0x00000000       0x30
 *(.comment)
 .comment       0x00000000       0x30 Analog.o
                                 0x31 (size before relaxing)
 .comment       0x00000000       0x31 modular8.o
 .comment       0x00000000       0x31 S3P.o
 .comment       0x00000000       0x31 P0005_v2_drivetrain_rev1.o

.note.gnu.build-id
 *(.note.gnu.build-id)

.debug
 *(.debug)

.line
 *(.line)

.debug_srcinfo
 *(.debug_srcinfo)

.debug_sfnames
 *(.debug_sfnames)

.debug_aranges  0x00000000      0x100
 *(.debug_aranges)
 .debug_aranges
                0x00000000       0x48 Analog.o
 .debug_aranges
                0x00000048       0x30 modular8.o
 .debug_aranges
                0x00000078       0x58 S3P.o
 .debug_aranges
                0x000000d0       0x30 P0005_v2_drivetrain_rev1.o

.debug_pubnames
 *(.debug_pubnames)

.debug_info     0x00000000      0xb5f
 *(.debug_info .gnu.linkonce.wi.*)
 .debug_info    0x00000000      0x1c9 Analog.o
 .debug_info    0x000001c9       0xe0 modular8.o
 .debug_info    0x000002a9      0x48f S3P.o
 .debug_info    0x00000738      0x427 P0005_v2_drivetrain_rev1.o

.debug_abbrev   0x00000000      0x4f2
 *(.debug_abbrev)
 .debug_abbrev  0x00000000      0x100 Analog.o
 .debug_abbrev  0x00000100       0x97 modular8.o
 .debug_abbrev  0x00000197      0x1db S3P.o
 .debug_abbrev  0x00000372      0x180 P0005_v2_drivetrain_rev1.o

.debug_line     0x00000000      0x4d0
 *(.debug_line .debug_line.* .debug_line_end)
 .debug_line    0x00000000      0x11d Analog.o
 .debug_line    0x0000011d       0xe1 modular8.o
 .debug_line    0x000001fe      0x173 S3P.o
 .debug_line    0x00000371      0x15f P0005_v2_drivetrain_rev1.o

.debug_frame    0x00000000      0x280
 *(.debug_frame)
 .debug_frame   0x00000000       0x84 Analog.o
 .debug_frame   0x00000084       0x44 modular8.o
 .debug_frame   0x000000c8      0x128 S3P.o
 .debug_frame   0x000001f0       0x90 P0005_v2_drivetrain_rev1.o

.debug_str      0x00000000      0x662
 *(.debug_str)
 .debug_str     0x00000000      0x2d3 Analog.o
                                0x307 (size before relaxing)
 .debug_str     0x000002d3       0xd9 modular8.o
                                0x262 (size before relaxing)
 .debug_str     0x000003ac      0x1ed S3P.o
                                0x393 (size before relaxing)
 .debug_str     0x00000599       0xc9 P0005_v2_drivetrain_rev1.o
                                0x4a0 (size before relaxing)

.debug_loc      0x00000000      0x48c
 *(.debug_loc)
 .debug_loc     0x00000000       0x5d Analog.o
 .debug_loc     0x0000005d       0x42 modular8.o
 .debug_loc     0x0000009f      0x300 S3P.o
 .debug_loc     0x0000039f       0xed P0005_v2_drivetrain_rev1.o

.debug_macinfo
 *(.debug_macinfo)

.debug_weaknames
 *(.debug_weaknames)

.debug_funcnames
 *(.debug_funcnames)

.debug_typenames
 *(.debug_typenames)

.debug_varnames
 *(.debug_varnames)

.debug_pubtypes
 *(.debug_pubtypes)

.debug_ranges   0x00000000       0xc0
 *(.debug_ranges)
 .debug_ranges  0x00000000       0x38 Analog.o
 .debug_ranges  0x00000038       0x20 modular8.o
 .debug_ranges  0x00000058       0x48 S3P.o
 .debug_ranges  0x000000a0       0x20 P0005_v2_drivetrain_rev1.o

.debug_macro
 *(.debug_macro)
OUTPUT(P0005_v2_drivetrain_rev1.elf elf32-avr)
LOAD linker stubs
